// Jest Snapshot v1, https://goo.gl/fbAQLP

exports[`Loading renders correctly 1`] = `
<div
  className="results-container"
>
  <Col
    xs={12}
  >
    <Row
      center="xs"
    >
      <Dialog>
        <div>
          <h3>
            Yes Taco!
          </h3>
        </div>
      </Dialog>
    </Row>
  </Col>
</div>
`;
