// Jest Snapshot v1, https://goo.gl/fbAQLP

exports[`Main renders correctly 1`] = `
<Grid
  fluid={true}
  id="container"
>
  <Col
    lg={12}
  >
    <AppHeader />
    <SvgOverlay />
    <AppFooter />
  </Col>
</Grid>
`;
