// Jest Snapshot v1, https://goo.gl/fbAQLP

exports[`Dialog renders correctly 1`] = `
<Dialog
  dialogText="This is where you upload"
  transitionId=""
/>
`;
